fingerprint: 352b6c4f
/dev/loop/0 : loop/[0-9]+
/dev/loop/1 : loop/[0-9]+
/dev/loop/2 : loop/[0-9]+
/dev/loop/3 : loop/[0-9]+
/dev/loop/4 : loop/[0-9]+
/dev/loop/5 : loop/[0-9]+
/dev/loop/6 : loop/[0-9]+
/dev/loop/7 : loop/[0-9]+
/dev/hda1 : hd[a-d][0-5]+
/dev/hda2 : hd[a-d][0-5]+
/dev/hda3 : hd[a-d][0-5]+
/dev/hda4 : hd[a-d][0-5]+
/dev/hda5 : hd[a-d][0-5]+
/dev/hdb1 : hd[a-d][0-5]+
/dev/hdc1 : hd[a-d][0-5]+
